// Jest Snapshot v1, https://goo.gl/fbAQLP

exports[`purchase summary container matches snapshot 1`] = `
<ContextConsumer>
  <Component />
</ContextConsumer>
`;
